40 30
X.......................................
........................................
................S.......................
........................................
...P....................................
........DDD.............................
........DDD.............................
..B.....DDD.............................
..B.....................................
........................................
.X..............P.......................
...X....................................
................X.......................
...................X....................
..................XX....................
X.......................................
........................................
........................................
....................X...................
...P................X...................
........DDD.........X...................
........DDD.........X...................
..B.....DDD.........X...................
..B.................X...................
....................X...................
.X..............P...X...................
...X................X...................
................X...X...................
..S................XX...................
..................XXX...................
