90 50
..........................................................................................
..........................................................................................
..........................................................................................
..........................................................................................
.......................................DDDDDDDDDDD........................................
.......................................D.........D........................................
.......................................D....S....D........................................
.......................................D.........D........................................
.......................................DDDDDDDDDDD........................................
..........................................................................................
...................DDDDDDDDDDD..............................DDDDDDDDDDD...................
...................X.........X..............................X.........X...................
...................X.........X..............................X.........X...................
...................X.........X.........XXXXXXXXXXX..........X.........X...................
...................DDDDDDDDDDD.........D.........D..........DDDDDDDDDDD...................
.......................................D.........D........................................
.......................................D.........D........................................
...................DDDDDDDDDDD.........XXXXXXXXXXX..........DDDDDDDDDDD...................
...................X.........X..............................X.........X...................
...................X.........X..............................X.........X...................
...................X.........X.........DDDDDDDDDDD..........X.........X...................
...................DDDDDDDDDDD.........D.........D..........DDDDDDDDDDD...................
.......................................D.........D........................................
.......................................D.........D........................................
.......................................XXXXXXXXXXX........................................
.......................................XXXXXXXXXXX........................................
.......................................D.........D........................................
.......................................D.........D........................................
...................DDDDDDDDDDD.........D.........D..........DDDDDDDDDDD...................
...................X.........X.........DDDDDDDDDDD..........X.........X...................
...................X.........X..............................X.........X...................
...................X.........X..............................X.........X...................
...................DDDDDDDDDDD.........XXXXXXXXXXX..........DDDDDDDDDDD...................
.......................................D.........D........................................
.......................................D.........D........................................
...................DDDDDDDDDDD.........D.........D..........DDDDDDDDDDD...................
...................X.........X.........XXXXXXXXXXX..........X.........X...................
...................X.........X..............................X.........X...................
...................X.........X..............................X.........X...................
...................DDDDDDDDDDD..............................DDDDDDDDDDD...................
..........................................................................................
........................................DDDDDDDDDDD.......................................
........................................D.........D.......................................
........................................D....S....D.......................................
........................................D.........D.......................................
........................................DDDDDDDDDDD.......................................
..........................................................................................
..........................................................................................
..........................................................................................
..........................................................................................
