90 50
..........................................................................................
..........................................................................................
..........................................................................................
..........................................................................................
..........................................................................................
.............................................................X............................
.............................................................X............................
...........................................S.................X............................
.............................................................X............................
.............................................................X............................
.............................................................X............................
.............................................................X............................
...........................XXXXDXXXXXDXXXXXXXXXXXDDDDDDDDXXXXX............................
...........................X..............................................................
...........................X..............................................................
...........................X..............................................................
...........................X..............................................................
...........................X..............................................................
...........................X..............................................................
...........................X..............................................................
...........................X..........................................XXXXDDXXXX..........
......................................................................X........X..........
......................................................................D........D..........
......................................................................D........D..........
......................................................................X........X..........
..............................DDDDDDDDDDDDDDDDDDDDDDDDDDD.............XXXXDDXXXX..........
.........XXXXDDXXXX.......................................................................
.........X........X.......................................................................
.........D........D.......................................................................
.........D........D.......................................................................
.........X........X..........................................X............................
.........XXXXDDXXXX..........................................X............................
.............................................................X............................
.............................................................X............................
.............................................................X............................
.............................................................X............................
.............................................................X............................
.............................................................X............................
...........................XXXXDDDDDDDXXXXXXXXXXXDXXXXXXDXXXXX............................
...........................X..............................................................
...........................X..............................................................
...........................X..............................................................
...........................X..............................................................
...........................X...............S..............................................
...........................X..............................................................
...........................X..............................................................
..........................................................................................
..........................................................................................
..........................................................................................
..........................................................................................
